../Core/Src/main.c:71:10:read_adc	40	static
../Core/Src/main.c:88:10:read_adc_avg	24	static
../Core/Src/main.c:96:6:max7219_write	24	static
../Core/Src/main.c:104:6:joy_controller	40	static
../Core/Src/main.c:133:6:MAX7219_Init	8	static
../Core/Src/main.c:146:6:fill_matrix	48	static
../Core/Src/main.c:155:6:write_to_max7219_from_matrix	56	static
../Core/Src/main.c:168:6:MAX7219_Clear_digit_registers	32	static
../Core/Src/main.c:174:6:add_snake_element	24	static
../Core/Src/main.c:181:6:update_snake_position	40	static
../Core/Src/main.c:235:5:main	240	static
../Core/Src/main.c:375:6:SystemClock_Config	88	static
../Core/Src/main.c:413:13:MX_ADC1_Init	24	static
../Core/Src/main.c:469:13:MX_SPI1_Init	8	static
../Core/Src/main.c:507:13:MX_USART1_UART_Init	8	static
../Core/Src/main.c:552:13:MX_GPIO_Init	48	static
../Core/Src/main.c:591:6:Error_Handler	8	static,ignoring_inline_asm
